Microsoft Windows [Version 10.0.10586]
(c) 2015 Microsoft Corporation. All rights reserved.

C:\Users\Android\Desktop\Brinda>git init
Initialized empty Git repository in C:/Users/Android/Desktop/Brinda/.git/

C:\Users\Android\Desktop\Brinda>git add .
warning: LF will be replaced by CRLF in .firebaserc.
The file will have its original line endings in your working directory
warning: LF will be replaced by CRLF in .gitignore.
The file will have its original line endings in your working directory
warning: LF will be replaced by CRLF in firebase.json.
The file will have its original line endings in your working directory
warning: LF will be replaced by CRLF in functions/.eslintrc.json.
The file will have its original line endings in your working directory
warning: LF will be replaced by CRLF in functions/index.js.
The file will have its original line endings in your working directory
warning: LF will be replaced by CRLF in functions/package-lock.json.
The file will have its original line endings in your working directory
warning: LF will be replaced by CRLF in functions/package.json.
The file will have its original line endings in your working directory

C:\Users\Android\Desktop\Brinda>git commit -m "first commit"
[master (root-commit) 7421238] first commit
 8 files changed, 3043 insertions(+)
 create mode 100644 .firebaserc
 create mode 100644 .gitignore
 create mode 100644 firebase.json
 create mode 100644 functions/.eslintrc.json
 create mode 100644 functions/.gitignore
 create mode 100644 functions/index.js
 create mode 100644 functions/package-lock.json
 create mode 100644 functions/package.json

C:\Users\Android\Desktop\Brinda>git remote add origin https://github.com/hardik584/node-lunchbox.git

C:\Users\Android\Desktop\Brinda>git push -u origin master
Logon failed, use ctrl+c to cancel basic credential prompt.
Username for 'https://github.com': rbrinda029
Password for 'https://rbrinda029@github.com':
remote: Invalid username or password.
fatal: Authentication failed for 'https://github.com/hardik584/node-lunchbox.git/'

C:\Users\Android\Desktop\Brinda>git remote add origin https://github.com/hardik584/node-lunchbox.git
fatal: remote origin already exists.

C:\Users\Android\Desktop\Brinda>git push -u origin master

C:\Users\Android\Desktop\Brinda>git push -u origin master
Enumerating objects: 11, done.
Counting objects: 100% (11/11), done.
Delta compression using up to 4 threads
Compressing objects: 100% (10/10), done.
Writing objects: 100% (11/11), 32.02 KiB | 5.34 MiB/s, done.
Total 11 (delta 0), reused 0 (delta 0)
To https://github.com/hardik584/node-lunchbox.git
 * [new branch]      master -> master
Branch 'master' set up to track remote branch 'master' from 'origin'.

C:\Users\Android\Desktop\Brinda>

C:\Users\Android\Desktop\Brinda>

C:\Users\Android\Desktop\Brinda>Microsoft Windows [Version 10.0.10586]
'Microsoft' is not recognized as an internal or external command,
operable program or batch file.

C:\Users\Android\Desktop\Brinda>(c) 2015 Microsoft Corporation. All rights reserved.
2015 was unexpected at this time.

C:\Users\Android\Desktop\Brinda>
C:\Users\Android\Desktop\Brinda>C:\Users\Android\Desktop\Brinda>git init
'C:\Users\Android\Desktop\Brinda' is not recognized as an internal or external command,
operable program or batch file.

C:\Users\Android\Desktop\Brinda>Initialized empty Git repository in C:/Users/Android/Desktop/Brinda/.git/
'Initialized' is not recognized as an internal or external command,
operable program or batch file.

C:\Users\Android\Desktop\Brinda>
C:\Users\Android\Desktop\Brinda>C:\Users\Android\Desktop\Brinda>git add .
'C:\Users\Android\Desktop\Brinda' is not recognized as an internal or external command,
operable program or batch file.

C:\Users\Android\Desktop\Brinda>warning: LF will be replaced by CRLF in .firebaserc.
'warning:' is not recognized as an internal or external command,
operable program or batch file.

C:\Users\Android\Desktop\Brinda>The file will have its original line endings in your working directory
'The' is not recognized as an internal or external command,
operable program or batch file.

C:\Users\Android\Desktop\Brinda>warning: LF will be replaced by CRLF in .gitignore.
'warning:' is not recognized as an internal or external command,
operable program or batch file.

C:\Users\Android\Desktop\Brinda>The file will have its original line endings in your working directory
'The' is not recognized as an internal or external command,
operable program or batch file.

C:\Users\Android\Desktop\Brinda>warning: LF will be replaced by CRLF in firebase.json.
'warning:' is not recognized as an internal or external command,
operable program or batch file.

C:\Users\Android\Desktop\Brinda>The file will have its original line endings in your working directory
'The' is not recognized as an internal or external command,
operable program or batch file.

C:\Users\Android\Desktop\Brinda>warning: LF will be replaced by CRLF in functions/.eslintrc.json.
'warning:' is not recognized as an internal or external command,
operable program or batch file.

C:\Users\Android\Desktop\Brinda>The file will have its original line endings in your working directory
'The' is not recognized as an internal or external command,
operable program or batch file.

C:\Users\Android\Desktop\Brinda>warning: LF will be replaced by CRLF in functions/index.js.
'warning:' is not recognized as an internal or external command,
operable program or batch file.

C:\Users\Android\Desktop\Brinda>The file will have its original line endings in your working directory
'The' is not recognized as an internal or external command,
operable program or batch file.

C:\Users\Android\Desktop\Brinda>warning: LF will be replaced by CRLF in functions/package-lock.json.
'warning:' is not recognized as an internal or external command,
operable program or batch file.

C:\Users\Android\Desktop\Brinda>The file will have its original line endings in your working directory
'The' is not recognized as an internal or external command,
operable program or batch file.

C:\Users\Android\Desktop\Brinda>warning: LF will be replaced by CRLF in functions/package.json.
'warning:' is not recognized as an internal or external command,
operable program or batch file.

C:\Users\Android\Desktop\Brinda>The file will have its original line endings in your working directory
'The' is not recognized as an internal or external command,
operable program or batch file.

C:\Users\Android\Desktop\Brinda>
C:\Users\Android\Desktop\Brinda>C:\Users\Android\Desktop\Brinda>git commit -m "first commit"
'C:\Users\Android\Desktop\Brinda' is not recognized as an internal or external command,
operable program or batch file.

C:\Users\Android\Desktop\Brinda>[master (root-commit) 7421238] first commit
'[master' is not recognized as an internal or external command,
operable program or batch file.

C:\Users\Android\Desktop\Brinda> 8 files changed, 3043 insertions(+)
'8' is not recognized as an internal or external command,
operable program or batch file.

C:\Users\Android\Desktop\Brinda> create mode 100644 .firebaserc
'create' is not recognized as an internal or external command,
operable program or batch file.

C:\Users\Android\Desktop\Brinda> create mode 100644 .gitignore
'create' is not recognized as an internal or external command,
operable program or batch file.

C:\Users\Android\Desktop\Brinda> create mode 100644 firebase.json
'create' is not recognized as an internal or external command,
operable program or batch file.

C:\Users\Android\Desktop\Brinda> create mode 100644 functions/.eslintrc.json
'create' is not recognized as an internal or external command,
operable program or batch file.

C:\Users\Android\Desktop\Brinda> create mode 100644 functions/.gitignore
'create' is not recognized as an internal or external command,
operable program or batch file.

C:\Users\Android\Desktop\Brinda> create mode 100644 functions/index.js
'create' is not recognized as an internal or external command,
operable program or batch file.

C:\Users\Android\Desktop\Brinda> create mode 100644 functions/package-lock.json
'create' is not recognized as an internal or external command,
operable program or batch file.

C:\Users\Android\Desktop\Brinda> create mode 100644 functions/package.json
'create' is not recognized as an internal or external command,
operable program or batch file.

C:\Users\Android\Desktop\Brinda>
C:\Users\Android\Desktop\Brinda>C:\Users\Android\Desktop\Brinda>git remote add origin https://github.com/hardik584/node-lunchbox.git
'C:\Users\Android\Desktop\Brinda' is not recognized as an internal or external command,
operable program or batch file.

C:\Users\Android\Desktop\Brinda>
C:\Users\Android\Desktop\Brinda>C:\Users\Android\Desktop\Brinda>git push -u origin master
'C:\Users\Android\Desktop\Brinda' is not recognized as an internal or external command,
operable program or batch file.

C:\Users\Android\Desktop\Brinda>Logon failed, use ctrl+c to cancel basic credential prompt.
'Logon' is not recognized as an internal or external command,
operable program or batch file.

C:\Users\Android\Desktop\Brinda>Username for 'https://github.com': rbrinda029
'Username' is not recognized as an internal or external command,
operable program or batch file.

C:\Users\Android\Desktop\Brinda>Password for 'https://rbrinda029@github.com':
'Password' is not recognized as an internal or external command,
operable program or batch file.

C:\Users\Android\Desktop\Brinda>remote: Invalid username or password.
'remote:' is not recognized as an internal or external command,
operable program or batch file.

C:\Users\Android\Desktop\Brinda>fatal: Authentication failed for 'https://github.com/hardik584/node-lunchbox.git/'
'fatal:' is not recognized as an internal or external command,
operable program or batch file.

C:\Users\Android\Desktop\Brinda>
C:\Users\Android\Desktop\Brinda>C:\Users\Android\Desktop\Brinda>git remote add origin https://github.com/hardik584/node-lunchbox.git
'C:\Users\Android\Desktop\Brinda' is not recognized as an internal or external command,
operable program or batch file.

C:\Users\Android\Desktop\Brinda>fatal: remote origin already exists.
'fatal:' is not recognized as an internal or external command,
operable program or batch file.

C:\Users\Android\Desktop\Brinda>
C:\Users\Android\Desktop\Brinda>C:\Users\Android\Desktop\Brinda>git push -u origin master
'C:\Users\Android\Desktop\Brinda' is not recognized as an internal or external command,
operable program or batch file.

C:\Users\Android\Desktop\Brinda>
C:\Users\Android\Desktop\Brinda>C:\Users\Android\Desktop\Brinda>git push -u origin master
'C:\Users\Android\Desktop\Brinda' is not recognized as an internal or external command,
operable program or batch file.

C:\Users\Android\Desktop\Brinda>Enumerating objects: 11, done.
'Enumerating' is not recognized as an internal or external command,
operable program or batch file.

